// Jest Snapshot v1, https://goo.gl/fbAQLP

exports[`AvatarStack should be rendered correctly 1`] = `
<div
  className="root size-36 background-none spacing-6 container align-items-center"
>
  <div
    className="avatars avatar-right"
  >
    <img
      alt="avatar"
      height="36"
      src="https://avatars.dicebear.com/api/human/avatar12.svg?background=%23EBEDF5&radius=50"
      style={
        Object {
          "--overlap": "-9px",
        }
      }
      width="36"
    />
    <img
      alt="avatar"
      height="36"
      src="https://avatars.dicebear.com/api/human/avatar12.svg?background=%23EBEDF5&radius=50"
      style={
        Object {
          "--overlap": "-9px",
        }
      }
      width="36"
    />
    <img
      alt="avatar"
      height="36"
      src="https://avatars.dicebear.com/api/human/avatar12.svg?background=%23EBEDF5&radius=50"
      style={
        Object {
          "--overlap": "-9px",
        }
      }
      width="36"
    />
  </div>
  <div
    className="root font-sans-semibold text-color-gray80 line-height-24 font-size-14 v-padding-6 container"
  >
    +2
  </div>
</div>
`;
