// Jest Snapshot v1, https://goo.gl/fbAQLP

exports[`ControlWrapper should be rendered correctly 1`] = `
<div
  className="root size-36"
>
  <div
    className="container uui-button-box uui-enabled button-color-blue root size-36 fill-solid"
    href={null}
    onClick={[Function]}
    onKeyDown={[Function]}
    tabIndex={0}
  >
    <div
      className="uui-caption"
    >
      On
    </div>
  </div>
  <div
    className="container uui-button-box uui-enabled button-color-green root size-36 fill-solid"
    href={null}
    onClick={[Function]}
    onKeyDown={[Function]}
    tabIndex={0}
  >
    <div
      className="uui-caption"
    >
      Off
    </div>
  </div>
</div>
`;
