// Jest Snapshot v1, https://goo.gl/fbAQLP

exports[`VirtualList should be rendered correctly 1`] = `
<div
  className="wrapper root"
>
  <div
    className="body"
    style={
      Object {
        "display": "flex",
        "height": "auto",
        "maxHeight": 100500,
        "minHeight": 0,
        "overflow": "hidden",
        "position": "relative",
        "width": "100%",
      }
    }
  >
    <div
      style={
        Object {
          "WebkitOverflowScrolling": "touch",
          "bottom": undefined,
          "flex": "1 1 auto",
          "left": undefined,
          "marginBottom": 0,
          "marginRight": 0,
          "maxHeight": 100500,
          "minHeight": 0,
          "overflow": "scroll",
          "position": "relative",
          "right": undefined,
          "top": undefined,
        }
      }
    >
      <div
        className="listContainer"
        style={
          Object {
            "marginTop": 0,
          }
        }
      />
    </div>
    <div
      className="uui-track-horizontal"
      style={
        Object {
          "display": "none",
          "height": 6,
          "position": "absolute",
        }
      }
    >
      <div
        className="uui-thumb-horizontal"
      />
    </div>
    <div
      className="uui-track-vertical"
      style={
        Object {
          "display": "none",
          "position": "absolute",
          "width": 6,
        }
      }
    >
      <div
        className="uui-thumb-vertical"
      />
    </div>
  </div>
</div>
`;
