// Jest Snapshot v1, https://goo.gl/fbAQLP

exports[`LabeledInput should be rendered correctly with maximum props 1`] = `
<DocumentFragment>
  <div
    class="container uui-labeled-input root uui-size-30"
  >
    <div
      class="uui-label-left"
    >
      <div
        class="labelWrapper"
      >
        <label
          class="uui-label"
        >
          Test label
          <span
            class="uui-labeled-input-asterisk"
          >
            *
          </span>
          <div
            class="container uui-icon uui-enabled uui-labeled-input-info-icon"
            tabindex="0"
          >
            <svg
              class=""
            />
          </div>
        </label>
        <div
          class="flexSpacer"
        />
        <div
          class="uui-labeled-input-sidenote"
          dir="auto"
        >
          Sidenote text
        </div>
      </div>
      <div
        class="rightChildrenPosition"
      >
        <div
          class="container uui-input-box -clickable root uui-size-36 uui-control-mode-form"
          tabindex="-1"
        >
          <input
            class="uui-input"
            tabindex="0"
            type="text"
            value=""
          />
        </div>
      </div>
    </div>
    <div
      class="invalidSectionWrapper"
    >
      <div
        class="uui-invalid-message"
        dir="auto"
        role="alert"
      >
        Test validation message
      </div>
      <div
        class="uui-labeled-input-char-counter"
        dir="auto"
      >
        0/10
      </div>
    </div>
    <div
      class="footnoteSectionWrapper"
    >
      <div
        class="uui-labeled-input-footnote"
        dir="auto"
      >
        Footnote text
      </div>
    </div>
  </div>
</DocumentFragment>
`;

exports[`LabeledInput should be rendered correctly with minimum props 1`] = `
<DocumentFragment>
  <div
    class="container uui-labeled-input root uui-size-36"
  >
    <div
      class="uui-label-top"
    >
      <div>
        <div
          class="container uui-input-box -clickable root uui-size-36 uui-control-mode-form"
          tabindex="-1"
        >
          <input
            class="uui-input"
            tabindex="0"
            type="text"
            value=""
          />
        </div>
      </div>
    </div>
  </div>
</DocumentFragment>
`;
