// Jest Snapshot v1, https://goo.gl/fbAQLP

exports[`migrate should migrate correctly 1`] = `
Array [
  Object {
    "children": Array [
      Object {
        "text": "All queries and requests for should be sent initially to privacy@epam.com or by post to EPAM Legal Team (Privacy), EPAM Systems Ltd, 2 Finsbury Avenue 5th floor London, EC2M 2PG.
",
      },
    ],
    "data": Object {},
    "type": "paragraph",
  },
  Object {
    "children": Array [
      Object {
        "children": Array [
          Object {
            "children": Array [
              Object {
                "children": Array [
                  Object {
                    "text": "Country",
                  },
                ],
                "data": Object {},
                "type": "paragraph",
              },
            ],
            "data": Object {},
            "type": "table_header_cell",
          },
          Object {
            "children": Array [
              Object {
                "children": Array [
                  Object {
                    "text": "Name and address of supervisory authority",
                  },
                ],
                "data": Object {},
                "type": "paragraph",
              },
            ],
            "data": Object {},
            "type": "table_header_cell",
          },
        ],
        "data": Object {},
        "type": "table_row",
      },
      Object {
        "children": Array [
          Object {
            "children": Array [
              Object {
                "children": Array [
                  Object {
                    "text": "Belgium",
                  },
                ],
                "data": Object {},
                "type": "paragraph",
              },
              Object {
                "children": Array [
                  Object {
                    "text": "Data Protection Authority
",
                  },
                ],
                "data": Object {},
                "type": "paragraph",
              },
            ],
            "colSpan": 2,
            "data": Object {
              "colSpan": 2,
            },
            "type": "table_cell",
          },
        ],
        "data": Object {},
        "type": "table_row",
      },
    ],
    "data": Object {
      "cellSizes": Array [
        112,
        288,
      ],
    },
    "type": "table",
  },
]
`;
