// Jest Snapshot v1, https://goo.gl/fbAQLP

exports[`ColumnPickerFilter should be rendered correctly 1`] = `
<div
  className="root size-36 background-white body undefined container align-items-center"
  style={
    Object {
      "maxHeight": 300,
    }
  }
>
  <div
    className="wrapper root"
  >
    <div
      className="body"
      style={
        Object {
          "height": "auto",
          "maxHeight": 100500,
          "minHeight": 0,
          "overflow": "hidden",
          "position": "relative",
          "width": "100%",
        }
      }
    >
      <div
        className="container1"
        style={
          Object {
            "WebkitOverflowScrolling": "touch",
            "bottom": undefined,
            "left": undefined,
            "marginBottom": 0,
            "marginRight": 0,
            "maxHeight": 100500,
            "minHeight": 0,
            "overflow": "scroll",
            "position": "relative",
            "right": undefined,
            "top": undefined,
          }
        }
      >
        <div
          className="container2"
          style={
            Object {
              "height": null,
            }
          }
        >
          <div
            className="container3"
            style={
              Object {
                "top": 0,
              }
            }
          >
            <div
              className="pickerRow -clickable uui-focus container -clickable align-items-center"
              onClick={[Function]}
            >
              <div
                className="flexCell cell size-30 padding-12 padding-left-12"
                onClick={[Function]}
                style={
                  Object {
                    "alignSelf": undefined,
                    "flexBasis": "0",
                    "flexGrow": 1,
                    "flexShrink": undefined,
                    "minWidth": 0,
                    "textAlign": undefined,
                  }
                }
              >
                <div
                  className="renderItem"
                >
                  <div
                    className="root font-sans text-color-gray80 line-height-18 font-size-14 v-padding-6 container"
                  />
                  <div
                    className="flexSpacer"
                  />
                </div>
              </div>
            </div>
            <div
              className="pickerRow -clickable container -clickable align-items-center"
              onClick={[Function]}
            >
              <div
                className="flexCell cell size-30 padding-12 padding-left-12"
                onClick={[Function]}
                style={
                  Object {
                    "alignSelf": undefined,
                    "flexBasis": "0",
                    "flexGrow": 1,
                    "flexShrink": undefined,
                    "minWidth": 0,
                    "textAlign": undefined,
                  }
                }
              >
                <div
                  className="renderItem"
                >
                  <div
                    className="root font-sans text-color-gray80 line-height-18 font-size-14 v-padding-6 container"
                  />
                  <div
                    className="flexSpacer"
                  />
                </div>
              </div>
            </div>
            <div
              className="pickerRow -clickable container -clickable align-items-center"
              onClick={[Function]}
            >
              <div
                className="flexCell cell size-30 padding-12 padding-left-12"
                onClick={[Function]}
                style={
                  Object {
                    "alignSelf": undefined,
                    "flexBasis": "0",
                    "flexGrow": 1,
                    "flexShrink": undefined,
                    "minWidth": 0,
                    "textAlign": undefined,
                  }
                }
              >
                <div
                  className="renderItem"
                >
                  <div
                    className="root font-sans text-color-gray80 line-height-18 font-size-14 v-padding-6 container"
                  />
                  <div
                    className="flexSpacer"
                  />
                </div>
              </div>
            </div>
            <div
              className="pickerRow -clickable container -clickable align-items-center"
              onClick={[Function]}
            >
              <div
                className="flexCell cell size-30 padding-12 padding-left-12"
                onClick={[Function]}
                style={
                  Object {
                    "alignSelf": undefined,
                    "flexBasis": "0",
                    "flexGrow": 1,
                    "flexShrink": undefined,
                    "minWidth": 0,
                    "textAlign": undefined,
                  }
                }
              >
                <div
                  className="renderItem"
                >
                  <div
                    className="root font-sans text-color-gray80 line-height-18 font-size-14 v-padding-6 container"
                  />
                  <div
                    className="flexSpacer"
                  />
                </div>
              </div>
            </div>
            <div
              className="pickerRow -clickable container -clickable align-items-center"
              onClick={[Function]}
            >
              <div
                className="flexCell cell size-30 padding-12 padding-left-12"
                onClick={[Function]}
                style={
                  Object {
                    "alignSelf": undefined,
                    "flexBasis": "0",
                    "flexGrow": 1,
                    "flexShrink": undefined,
                    "minWidth": 0,
                    "textAlign": undefined,
                  }
                }
              >
                <div
                  className="renderItem"
                >
                  <div
                    className="root font-sans text-color-gray80 line-height-18 font-size-14 v-padding-6 container"
                  />
                  <div
                    className="flexSpacer"
                  />
                </div>
              </div>
            </div>
            <div
              className="pickerRow -clickable container -clickable align-items-center"
              onClick={[Function]}
            >
              <div
                className="flexCell cell size-30 padding-12 padding-left-12"
                onClick={[Function]}
                style={
                  Object {
                    "alignSelf": undefined,
                    "flexBasis": "0",
                    "flexGrow": 1,
                    "flexShrink": undefined,
                    "minWidth": 0,
                    "textAlign": undefined,
                  }
                }
              >
                <div
                  className="renderItem"
                >
                  <div
                    className="root font-sans text-color-gray80 line-height-18 font-size-14 v-padding-6 container"
                  />
                  <div
                    className="flexSpacer"
                  />
                </div>
              </div>
            </div>
            <div
              className="pickerRow -clickable container -clickable align-items-center"
              onClick={[Function]}
            >
              <div
                className="flexCell cell size-30 padding-12 padding-left-12"
                onClick={[Function]}
                style={
                  Object {
                    "alignSelf": undefined,
                    "flexBasis": "0",
                    "flexGrow": 1,
                    "flexShrink": undefined,
                    "minWidth": 0,
                    "textAlign": undefined,
                  }
                }
              >
                <div
                  className="renderItem"
                >
                  <div
                    className="root font-sans text-color-gray80 line-height-18 font-size-14 v-padding-6 container"
                  />
                  <div
                    className="flexSpacer"
                  />
                </div>
              </div>
            </div>
            <div
              className="pickerRow -clickable container -clickable align-items-center"
              onClick={[Function]}
            >
              <div
                className="flexCell cell size-30 padding-12 padding-left-12"
                onClick={[Function]}
                style={
                  Object {
                    "alignSelf": undefined,
                    "flexBasis": "0",
                    "flexGrow": 1,
                    "flexShrink": undefined,
                    "minWidth": 0,
                    "textAlign": undefined,
                  }
                }
              >
                <div
                  className="renderItem"
                >
                  <div
                    className="root font-sans text-color-gray80 line-height-18 font-size-14 v-padding-6 container"
                  />
                  <div
                    className="flexSpacer"
                  />
                </div>
              </div>
            </div>
            <div
              className="pickerRow -clickable container -clickable align-items-center"
              onClick={[Function]}
            >
              <div
                className="flexCell cell size-30 padding-12 padding-left-12"
                onClick={[Function]}
                style={
                  Object {
                    "alignSelf": undefined,
                    "flexBasis": "0",
                    "flexGrow": 1,
                    "flexShrink": undefined,
                    "minWidth": 0,
                    "textAlign": undefined,
                  }
                }
              >
                <div
                  className="renderItem"
                >
                  <div
                    className="root font-sans text-color-gray80 line-height-18 font-size-14 v-padding-6 container"
                  />
                  <div
                    className="flexSpacer"
                  />
                </div>
              </div>
            </div>
            <div
              className="pickerRow -clickable container -clickable align-items-center"
              onClick={[Function]}
            >
              <div
                className="flexCell cell size-30 padding-12 padding-left-12"
                onClick={[Function]}
                style={
                  Object {
                    "alignSelf": undefined,
                    "flexBasis": "0",
                    "flexGrow": 1,
                    "flexShrink": undefined,
                    "minWidth": 0,
                    "textAlign": undefined,
                  }
                }
              >
                <div
                  className="renderItem"
                >
                  <div
                    className="root font-sans text-color-gray80 line-height-18 font-size-14 v-padding-6 container"
                  />
                  <div
                    className="flexSpacer"
                  />
                </div>
              </div>
            </div>
            <div
              className="pickerRow -clickable container -clickable align-items-center"
              onClick={[Function]}
            >
              <div
                className="flexCell cell size-30 padding-12 padding-left-12"
                onClick={[Function]}
                style={
                  Object {
                    "alignSelf": undefined,
                    "flexBasis": "0",
                    "flexGrow": 1,
                    "flexShrink": undefined,
                    "minWidth": 0,
                    "textAlign": undefined,
                  }
                }
              >
                <div
                  className="renderItem"
                >
                  <div
                    className="root font-sans text-color-gray80 line-height-18 font-size-14 v-padding-6 container"
                  />
                  <div
                    className="flexSpacer"
                  />
                </div>
              </div>
            </div>
          </div>
        </div>
      </div>
      <div
        style={
          Object {
            "borderRadius": 3,
            "bottom": 2,
            "display": "none",
            "height": 6,
            "left": 2,
            "position": "absolute",
            "right": 2,
          }
        }
      >
        <div
          className="uui-thumb"
        />
      </div>
      <div
        style={
          Object {
            "borderRadius": 3,
            "bottom": 2,
            "display": "none",
            "position": "absolute",
            "right": 2,
            "top": 2,
            "width": 6,
          }
        }
      >
        <div
          className="uui-thumb"
        />
      </div>
    </div>
    <div
      className="uui-scroll-shadow-top"
    />
    <div
      className="uui-scroll-shadow-bottom"
    />
  </div>
</div>
`;

exports[`ColumnPickerFilter should be rendered correctly 2`] = `
<div
  className="root size-36 background-white body undefined container align-items-center"
  style={
    Object {
      "maxHeight": 300,
    }
  }
>
  <div
    className="wrapper root"
  >
    <div
      className="body"
      style={
        Object {
          "height": "auto",
          "maxHeight": 100500,
          "minHeight": 0,
          "overflow": "hidden",
          "position": "relative",
          "width": "100%",
        }
      }
    >
      <div
        className="container1"
        style={
          Object {
            "WebkitOverflowScrolling": "touch",
            "bottom": undefined,
            "left": undefined,
            "marginBottom": 0,
            "marginRight": 0,
            "maxHeight": 100500,
            "minHeight": 0,
            "overflow": "scroll",
            "position": "relative",
            "right": undefined,
            "top": undefined,
          }
        }
      >
        <div
          className="container2"
          style={
            Object {
              "height": null,
            }
          }
        >
          <div
            className="container3"
            style={
              Object {
                "top": 0,
              }
            }
          >
            <div
              className="pickerRow -clickable uui-focus container -clickable align-items-center"
              onClick={[Function]}
            >
              <div
                className="flexCell cell size-30 padding-12 padding-left-12"
                onClick={[Function]}
                style={
                  Object {
                    "alignSelf": undefined,
                    "flexBasis": "0",
                    "flexGrow": 1,
                    "flexShrink": undefined,
                    "minWidth": 0,
                    "textAlign": undefined,
                  }
                }
              >
                <div
                  className="renderItem"
                >
                  <div
                    className="root font-sans text-color-gray80 line-height-18 font-size-14 v-padding-6 container"
                  />
                  <div
                    className="flexSpacer"
                  />
                </div>
              </div>
            </div>
            <div
              className="pickerRow -clickable container -clickable align-items-center"
              onClick={[Function]}
            >
              <div
                className="flexCell cell size-30 padding-12 padding-left-12"
                onClick={[Function]}
                style={
                  Object {
                    "alignSelf": undefined,
                    "flexBasis": "0",
                    "flexGrow": 1,
                    "flexShrink": undefined,
                    "minWidth": 0,
                    "textAlign": undefined,
                  }
                }
              >
                <div
                  className="renderItem"
                >
                  <div
                    className="root font-sans text-color-gray80 line-height-18 font-size-14 v-padding-6 container"
                  />
                  <div
                    className="flexSpacer"
                  />
                </div>
              </div>
            </div>
            <div
              className="pickerRow -clickable container -clickable align-items-center"
              onClick={[Function]}
            >
              <div
                className="flexCell cell size-30 padding-12 padding-left-12"
                onClick={[Function]}
                style={
                  Object {
                    "alignSelf": undefined,
                    "flexBasis": "0",
                    "flexGrow": 1,
                    "flexShrink": undefined,
                    "minWidth": 0,
                    "textAlign": undefined,
                  }
                }
              >
                <div
                  className="renderItem"
                >
                  <div
                    className="root font-sans text-color-gray80 line-height-18 font-size-14 v-padding-6 container"
                  />
                  <div
                    className="flexSpacer"
                  />
                </div>
              </div>
            </div>
            <div
              className="pickerRow -clickable container -clickable align-items-center"
              onClick={[Function]}
            >
              <div
                className="flexCell cell size-30 padding-12 padding-left-12"
                onClick={[Function]}
                style={
                  Object {
                    "alignSelf": undefined,
                    "flexBasis": "0",
                    "flexGrow": 1,
                    "flexShrink": undefined,
                    "minWidth": 0,
                    "textAlign": undefined,
                  }
                }
              >
                <div
                  className="renderItem"
                >
                  <div
                    className="root font-sans text-color-gray80 line-height-18 font-size-14 v-padding-6 container"
                  />
                  <div
                    className="flexSpacer"
                  />
                </div>
              </div>
            </div>
            <div
              className="pickerRow -clickable container -clickable align-items-center"
              onClick={[Function]}
            >
              <div
                className="flexCell cell size-30 padding-12 padding-left-12"
                onClick={[Function]}
                style={
                  Object {
                    "alignSelf": undefined,
                    "flexBasis": "0",
                    "flexGrow": 1,
                    "flexShrink": undefined,
                    "minWidth": 0,
                    "textAlign": undefined,
                  }
                }
              >
                <div
                  className="renderItem"
                >
                  <div
                    className="root font-sans text-color-gray80 line-height-18 font-size-14 v-padding-6 container"
                  />
                  <div
                    className="flexSpacer"
                  />
                </div>
              </div>
            </div>
            <div
              className="pickerRow -clickable container -clickable align-items-center"
              onClick={[Function]}
            >
              <div
                className="flexCell cell size-30 padding-12 padding-left-12"
                onClick={[Function]}
                style={
                  Object {
                    "alignSelf": undefined,
                    "flexBasis": "0",
                    "flexGrow": 1,
                    "flexShrink": undefined,
                    "minWidth": 0,
                    "textAlign": undefined,
                  }
                }
              >
                <div
                  className="renderItem"
                >
                  <div
                    className="root font-sans text-color-gray80 line-height-18 font-size-14 v-padding-6 container"
                  />
                  <div
                    className="flexSpacer"
                  />
                </div>
              </div>
            </div>
            <div
              className="pickerRow -clickable container -clickable align-items-center"
              onClick={[Function]}
            >
              <div
                className="flexCell cell size-30 padding-12 padding-left-12"
                onClick={[Function]}
                style={
                  Object {
                    "alignSelf": undefined,
                    "flexBasis": "0",
                    "flexGrow": 1,
                    "flexShrink": undefined,
                    "minWidth": 0,
                    "textAlign": undefined,
                  }
                }
              >
                <div
                  className="renderItem"
                >
                  <div
                    className="root font-sans text-color-gray80 line-height-18 font-size-14 v-padding-6 container"
                  />
                  <div
                    className="flexSpacer"
                  />
                </div>
              </div>
            </div>
            <div
              className="pickerRow -clickable container -clickable align-items-center"
              onClick={[Function]}
            >
              <div
                className="flexCell cell size-30 padding-12 padding-left-12"
                onClick={[Function]}
                style={
                  Object {
                    "alignSelf": undefined,
                    "flexBasis": "0",
                    "flexGrow": 1,
                    "flexShrink": undefined,
                    "minWidth": 0,
                    "textAlign": undefined,
                  }
                }
              >
                <div
                  className="renderItem"
                >
                  <div
                    className="root font-sans text-color-gray80 line-height-18 font-size-14 v-padding-6 container"
                  />
                  <div
                    className="flexSpacer"
                  />
                </div>
              </div>
            </div>
            <div
              className="pickerRow -clickable container -clickable align-items-center"
              onClick={[Function]}
            >
              <div
                className="flexCell cell size-30 padding-12 padding-left-12"
                onClick={[Function]}
                style={
                  Object {
                    "alignSelf": undefined,
                    "flexBasis": "0",
                    "flexGrow": 1,
                    "flexShrink": undefined,
                    "minWidth": 0,
                    "textAlign": undefined,
                  }
                }
              >
                <div
                  className="renderItem"
                >
                  <div
                    className="root font-sans text-color-gray80 line-height-18 font-size-14 v-padding-6 container"
                  />
                  <div
                    className="flexSpacer"
                  />
                </div>
              </div>
            </div>
            <div
              className="pickerRow -clickable container -clickable align-items-center"
              onClick={[Function]}
            >
              <div
                className="flexCell cell size-30 padding-12 padding-left-12"
                onClick={[Function]}
                style={
                  Object {
                    "alignSelf": undefined,
                    "flexBasis": "0",
                    "flexGrow": 1,
                    "flexShrink": undefined,
                    "minWidth": 0,
                    "textAlign": undefined,
                  }
                }
              >
                <div
                  className="renderItem"
                >
                  <div
                    className="root font-sans text-color-gray80 line-height-18 font-size-14 v-padding-6 container"
                  />
                  <div
                    className="flexSpacer"
                  />
                </div>
              </div>
            </div>
            <div
              className="pickerRow -clickable container -clickable align-items-center"
              onClick={[Function]}
            >
              <div
                className="flexCell cell size-30 padding-12 padding-left-12"
                onClick={[Function]}
                style={
                  Object {
                    "alignSelf": undefined,
                    "flexBasis": "0",
                    "flexGrow": 1,
                    "flexShrink": undefined,
                    "minWidth": 0,
                    "textAlign": undefined,
                  }
                }
              >
                <div
                  className="renderItem"
                >
                  <div
                    className="root font-sans text-color-gray80 line-height-18 font-size-14 v-padding-6 container"
                  />
                  <div
                    className="flexSpacer"
                  />
                </div>
              </div>
            </div>
          </div>
        </div>
      </div>
      <div
        style={
          Object {
            "borderRadius": 3,
            "bottom": 2,
            "display": "none",
            "height": 6,
            "left": 2,
            "position": "absolute",
            "right": 2,
          }
        }
      >
        <div
          className="uui-thumb"
        />
      </div>
      <div
        style={
          Object {
            "borderRadius": 3,
            "bottom": 2,
            "display": "none",
            "position": "absolute",
            "right": 2,
            "top": 2,
            "width": 6,
          }
        }
      >
        <div
          className="uui-thumb"
        />
      </div>
    </div>
    <div
      className="uui-scroll-shadow-top"
    />
    <div
      className="uui-scroll-shadow-bottom"
    />
  </div>
</div>
`;
