// Jest Snapshot v1, https://goo.gl/fbAQLP

exports[`DataTableRow should be rendered correctly 1`] = `
<div
  className="container uui-table-row-container uui-table-row root border-gray30 size-30 background-white container align-items-center"
  role="row"
  style={
    Object {
      "minWidth": "96px",
    }
  }
>
  <div
    className="section scrollingSection uui-table-scrolling-section"
    style={
      Object {
        "flex": "1 0 96px",
        "minWidth": "96px",
      }
    }
  >
    <div
      className="cell cell size-36 padding-12 padding-left-24 padding-right-24 align-widgets-top"
      role="cell"
      style={
        Object {
          "alignSelf": undefined,
          "flexBasis": "96px",
          "flexGrow": 0,
          "flexShrink": 0,
          "justifyContent": undefined,
          "minWidth": "96px",
          "textAlign": undefined,
        }
      }
    >
      <div />
    </div>
  </div>
</div>
`;
