// Jest Snapshot v1, https://goo.gl/fbAQLP

exports[`DataTable should be rendered correctly 1`] = `
Array [
  <div
    className="container uui-table-row-container root uui-table-header-row container align-items-top"
  >
    <div
      className="scrollableColumnsWrapper"
      style={
        Object {
          "flexGrow": 100,
          "flexShrink": 1,
          "minWidth": 0,
          "width": 0,
        }
      }
    >
      <div
        className="scrollableColumnsContainer"
      >
        <div
          className="container align-items-top"
        />
      </div>
      <div
        className="scrollShadowLeft"
      />
      <div
        className="scrollShadowRight"
      />
    </div>
  </div>,
  <div
    className="root size-36 background-white topShadow body container align-items-center"
  >
    <div
      className="wrapper root shadow-dark"
    >
      <div
        className="os-host"
        style={
          Object {
            "width": "100%",
          }
        }
      >
        <div
          className="os-resize-observer-host"
        />
        <div
          className="os-padding"
        >
          <div
            className="os-viewport"
          >
            <div
              className="os-content"
            >
              <div
                className="container2"
                style={
                  Object {
                    "minHeight": null,
                  }
                }
              >
                <div
                  className="container3"
                  style={
                    Object {
                      "marginTop": 0,
                    }
                  }
                />
              </div>
            </div>
          </div>
        </div>
        <div
          className="os-scrollbar os-scrollbar-horizontal "
        >
          <div
            className="os-scrollbar-track"
          >
            <div
              className="os-scrollbar-handle"
            />
          </div>
        </div>
        <div
          className="os-scrollbar os-scrollbar-vertical"
        >
          <div
            className="os-scrollbar-track"
          >
            <div
              className="os-scrollbar-handle"
            />
          </div>
        </div>
        <div
          className="os-scrollbar-corner"
        />
      </div>
      <div
        className="uui-scroll-shadow-top"
      />
      <div
        className="uui-scroll-shadow-bottom"
      />
    </div>
  </div>,
  <div
    className="uui-table-scroll-row-container cellClass"
  >
    <div
      className="container uui-table-row-container uui-table-scroll-row container align-items-top"
    >
      <div
        className="os-host"
        style={
          Object {
            "flexGrow": 100,
            "flexShrink": 1,
            "minWidth": 0,
            "width": 0,
          }
        }
      >
        <div
          className="os-resize-observer-host"
        />
        <div
          className="os-padding"
        >
          <div
            className="os-viewport"
          >
            <div
              className="os-content"
            >
              <div
                className="container align-items-top"
              />
            </div>
          </div>
        </div>
        <div
          className="os-scrollbar os-scrollbar-horizontal "
        >
          <div
            className="os-scrollbar-track"
          >
            <div
              className="os-scrollbar-handle"
            />
          </div>
        </div>
        <div
          className="os-scrollbar os-scrollbar-vertical"
        >
          <div
            className="os-scrollbar-track"
          >
            <div
              className="os-scrollbar-handle"
            />
          </div>
        </div>
        <div
          className="os-scrollbar-corner"
        />
      </div>
    </div>
  </div>,
]
`;
