// Jest Snapshot v1, https://goo.gl/fbAQLP

exports[`Checkbox should be rendered correctly 1`] = `
<label
  className="container root size-18 checkbox-color-blue"
>
  <span
    className="uui-checkbox"
  >
    <input
      aria-checked={null}
      aria-hidden={true}
      checked={null}
      onChange={[Function]}
      type="checkbox"
    />
  </span>
</label>
`;

exports[`Checkbox should be rendered correctly 2`] = `
<label
  className="container root size-18 checkbox-color-blue"
>
  <span
    className="uui-checkbox"
  >
    <input
      aria-checked={null}
      aria-hidden={true}
      checked={null}
      onChange={[Function]}
      type="checkbox"
    />
  </span>
</label>
`;
