// Jest Snapshot v1, https://goo.gl/fbAQLP

exports[`Rating should be rendered correctly 1`] = `
<div
  className="container root size-18"
  onMouseLeave={[Function]}
  onMouseMove={[Function]}
  onMouseUp={[Function]}
  onTouchEnd={[Function]}
>
  <div
    className="container"
  >
    <div
      className="uui-rating-empty-star-container"
    >
      <div
        className="uui-rating-star"
      >
        <div
          className="container uui-icon uui-enabled"
        >
          <svg
            className=""
            height={24}
            viewBox="0 0 12 24"
            width={12}
          >
            <use
              xlinkHref="#fav-rates-star-24.svg"
            />
          </svg>
        </div>
      </div>
      <div
        className="uui-rating-star"
      >
        <div
          className="container uui-icon uui-enabled"
        >
          <svg
            className=""
            height={24}
            viewBox="0 0 12 24"
            width={12}
          >
            <use
              xlinkHref="#fav-rates-star-24.svg"
            />
          </svg>
        </div>
      </div>
      <div
        className="uui-rating-star"
      >
        <div
          className="container uui-icon uui-enabled"
        >
          <svg
            className=""
            height={24}
            viewBox="0 0 12 24"
            width={12}
          >
            <use
              xlinkHref="#fav-rates-star-24.svg"
            />
          </svg>
        </div>
      </div>
      <div
        className="uui-rating-star"
      >
        <div
          className="container uui-icon uui-enabled"
        >
          <svg
            className=""
            height={24}
            viewBox="0 0 12 24"
            width={12}
          >
            <use
              xlinkHref="#fav-rates-star-24.svg"
            />
          </svg>
        </div>
      </div>
      <div
        className="uui-rating-star"
      >
        <div
          className="container uui-icon uui-enabled"
        >
          <svg
            className=""
            height={24}
            viewBox="0 0 12 24"
            width={12}
          >
            <use
              xlinkHref="#fav-rates-star-24.svg"
            />
          </svg>
        </div>
      </div>
    </div>
    <div
      className="uui-rating-filled-star-container"
      style={
        Object {
          "width": 0,
        }
      }
    >
      <div
        className="uui-rating-star"
      >
        <div
          className="container uui-icon uui-enabled"
        >
          <svg
            className=""
            height={24}
            viewBox="0 0 12 24"
            width={12}
          >
            <use
              xlinkHref="#fav-rates-star-24.svg"
            />
          </svg>
        </div>
      </div>
      <div
        className="uui-rating-star"
      >
        <div
          className="container uui-icon uui-enabled"
        >
          <svg
            className=""
            height={24}
            viewBox="0 0 12 24"
            width={12}
          >
            <use
              xlinkHref="#fav-rates-star-24.svg"
            />
          </svg>
        </div>
      </div>
      <div
        className="uui-rating-star"
      >
        <div
          className="container uui-icon uui-enabled"
        >
          <svg
            className=""
            height={24}
            viewBox="0 0 12 24"
            width={12}
          >
            <use
              xlinkHref="#fav-rates-star-24.svg"
            />
          </svg>
        </div>
      </div>
      <div
        className="uui-rating-star"
      >
        <div
          className="container uui-icon uui-enabled"
        >
          <svg
            className=""
            height={24}
            viewBox="0 0 12 24"
            width={12}
          >
            <use
              xlinkHref="#fav-rates-star-24.svg"
            />
          </svg>
        </div>
      </div>
      <div
        className="uui-rating-star"
      >
        <div
          className="container uui-icon uui-enabled"
        >
          <svg
            className=""
            height={24}
            viewBox="0 0 12 24"
            width={12}
          >
            <use
              xlinkHref="#fav-rates-star-24.svg"
            />
          </svg>
        </div>
      </div>
    </div>
  </div>
</div>
`;

exports[`Rating should be rendered correctly 2`] = `
<div
  className="container root size-18"
  onMouseLeave={[Function]}
  onMouseMove={[Function]}
  onMouseUp={[Function]}
  onTouchEnd={[Function]}
>
  <div
    className="container"
  >
    <div
      className="uui-rating-empty-star-container"
    >
      <div
        className="uui-rating-star"
      >
        <div
          className="container uui-icon uui-enabled"
        >
          <svg
            className=""
            height={24}
            viewBox="0 0 12 24"
            width={12}
          >
            <use
              xlinkHref="#fav-rates-star-24.svg"
            />
          </svg>
        </div>
      </div>
      <div
        className="uui-rating-star"
      >
        <div
          className="container uui-icon uui-enabled"
        >
          <svg
            className=""
            height={24}
            viewBox="0 0 12 24"
            width={12}
          >
            <use
              xlinkHref="#fav-rates-star-24.svg"
            />
          </svg>
        </div>
      </div>
      <div
        className="uui-rating-star"
      >
        <div
          className="container uui-icon uui-enabled"
        >
          <svg
            className=""
            height={24}
            viewBox="0 0 12 24"
            width={12}
          >
            <use
              xlinkHref="#fav-rates-star-24.svg"
            />
          </svg>
        </div>
      </div>
      <div
        className="uui-rating-star"
      >
        <div
          className="container uui-icon uui-enabled"
        >
          <svg
            className=""
            height={24}
            viewBox="0 0 12 24"
            width={12}
          >
            <use
              xlinkHref="#fav-rates-star-24.svg"
            />
          </svg>
        </div>
      </div>
      <div
        className="uui-rating-star"
      >
        <div
          className="container uui-icon uui-enabled"
        >
          <svg
            className=""
            height={24}
            viewBox="0 0 12 24"
            width={12}
          >
            <use
              xlinkHref="#fav-rates-star-24.svg"
            />
          </svg>
        </div>
      </div>
    </div>
    <div
      className="uui-rating-filled-star-container"
      style={
        Object {
          "width": 0,
        }
      }
    >
      <div
        className="uui-rating-star"
      >
        <div
          className="container uui-icon uui-enabled"
        >
          <svg
            className=""
            height={24}
            viewBox="0 0 12 24"
            width={12}
          >
            <use
              xlinkHref="#fav-rates-star-24.svg"
            />
          </svg>
        </div>
      </div>
      <div
        className="uui-rating-star"
      >
        <div
          className="container uui-icon uui-enabled"
        >
          <svg
            className=""
            height={24}
            viewBox="0 0 12 24"
            width={12}
          >
            <use
              xlinkHref="#fav-rates-star-24.svg"
            />
          </svg>
        </div>
      </div>
      <div
        className="uui-rating-star"
      >
        <div
          className="container uui-icon uui-enabled"
        >
          <svg
            className=""
            height={24}
            viewBox="0 0 12 24"
            width={12}
          >
            <use
              xlinkHref="#fav-rates-star-24.svg"
            />
          </svg>
        </div>
      </div>
      <div
        className="uui-rating-star"
      >
        <div
          className="container uui-icon uui-enabled"
        >
          <svg
            className=""
            height={24}
            viewBox="0 0 12 24"
            width={12}
          >
            <use
              xlinkHref="#fav-rates-star-24.svg"
            />
          </svg>
        </div>
      </div>
      <div
        className="uui-rating-star"
      >
        <div
          className="container uui-icon uui-enabled"
        >
          <svg
            className=""
            height={24}
            viewBox="0 0 12 24"
            width={12}
          >
            <use
              xlinkHref="#fav-rates-star-24.svg"
            />
          </svg>
        </div>
      </div>
    </div>
  </div>
</div>
`;
