// Jest Snapshot v1, https://goo.gl/fbAQLP

exports[`PresetsPanel should render with minimum props 1`] = `
<DocumentFragment>
  <div
    class="flexCell"
    style="min-width: 310px; flex-grow: 1; flex-basis: 0px;"
  >
    <div
      class="root uui-flex-row presetsWrapper columnGap"
      style="--uui-flex-row-column-gap: 12px;"
    >
      <div
        class="mainWrapper"
      >
        <div
          class="itemsWrapper"
        >
          <div
            class="addPresetContainer"
          >
            <button
              class="uui-button-box uui-enabled -clickable container root uui-button uui-fill-ghost uui-color-primary uui-size-36 uui-presets-panel-add-button"
              tabindex="0"
              type="button"
            >
              <div
                class="container uui-icon uui-enabled"
              >
                <svg
                  class=""
                />
              </div>
              <div
                class="uui-caption"
              >
                Add Preset
              </div>
            </button>
          </div>
        </div>
      </div>
    </div>
  </div>
</DocumentFragment>
`;
