// Jest Snapshot v1, https://goo.gl/fbAQLP

exports[`should be rendered correctly 1`] = `
<div
  className="container root uui-control-group"
  role="tablist"
>
  <button
    aria-current={true}
    className="uui-button-box uui-enabled -clickable container root uui-button uui-fill-solid uui-color-primary uui-size-36"
    onClick={[Function]}
    role="tab"
    tabIndex={0}
    type="button"
  >
    <div
      className="uui-caption"
    >
      On
    </div>
  </button>
  <button
    aria-current={false}
    className="uui-button-box uui-enabled -clickable container root uui-button uui-fill-outline uui-color-primary uui-size-36"
    onClick={[Function]}
    role="tab"
    tabIndex={0}
    type="button"
  >
    <div
      className="uui-caption"
    >
      Off
    </div>
  </button>
</div>
`;
