// Jest Snapshot v1, https://goo.gl/fbAQLP

exports[`PageButton should be rendered correctly 1`] = `
<button
  className="container uui-button-box uui-enabled button-vars button-primary root size-36 mode-solid uui-theme-loveship button-sky size-36 style-square fill-white size-30"
  onClick={[Function]}
  tabIndex={-1}
  type="button"
/>
`;

exports[`PageButton should be rendered correctly with extra 1`] = `
<button
  className="container uui-button-box uui-enabled -clickable button-vars button-sun root size-24 mode-ghost uui-theme-loveship button-sun size-24 style-square fill-light size-24"
  onClick={[Function]}
  tabIndex={0}
  type="button"
>
  <div
    className="uui-caption"
  >
    1
  </div>
</button>
`;
