// Jest Snapshot v1, https://goo.gl/fbAQLP

exports[`VerticalTabButton should be rendered correctly 1`] = `
<DocumentFragment>
  <span
    class="uui-button-box uui-enabled root uui-vertical-tab-button uui-size-48 uui-no-left-icon uui-no-right-icon"
    role="tab"
    tabindex="-1"
  />
</DocumentFragment>
`;

exports[`VerticalTabButton should be rendered correctly with props 1`] = `
<DocumentFragment>
  <button
    aria-disabled="false"
    class="uui-button-box uui-enabled -clickable root uui-vertical-tab-button uui-size-48 uui-active uui-has-left-icon uui-no-right-icon"
    role="tab"
    tabindex="0"
    type="button"
  >
    <div
      class="container uui-icon uui-enabled"
    >
      <svg
        class=""
      />
    </div>
    <div
      class="captionWrapper"
    >
      <div
        class="uui-caption uui-vertical-tab-button-weight-semibold"
      >
        Test
      </div>
      <div
        class="withNotify"
      />
    </div>
  </button>
</DocumentFragment>
`;
