// Jest Snapshot v1, https://goo.gl/fbAQLP

exports[`DatePickerBody should be rendered correctly 1`] = `
<div
  className="uui-datepicker-container root root"
>
  <div
    className="uui-datepickerBody-wrapper"
  >
    <div
      className="container uui-datepickerheader-container"
    >
      <header
        className="uui-datepickerheader-header"
      >
        <div
          className="container uui-icon uui-enabled -clickable uui-datepickerheader-nav-icon-left"
          onClick={[Function]}
          style={Object {}}
        >
          <svg
            className=""
            height={24}
            viewBox="0 0 12 24"
            width={12}
          >
            <use
              xlinkHref="#folding-arrow-24.svg"
            />
          </svg>
        </div>
        <div
          className="uui-datepickerheader-nav-title"
          onClick={[Function]}
          tabIndex={0}
        >
          January 2020
        </div>
        <div
          className="container uui-icon uui-enabled -clickable uui-datepickerheader-nav-icon-right"
          onClick={[Function]}
          style={Object {}}
        >
          <svg
            className=""
            height={24}
            viewBox="0 0 12 24"
            width={12}
          >
            <use
              xlinkHref="#folding-arrow-24.svg"
            />
          </svg>
        </div>
      </header>
    </div>
    <div
      className="container uui-calendar-container"
    >
      <div
        className="uui-calendar-content"
      >
        <div
          className="uui-calendar-weekdays-container"
        >
          <div
            className="uui-calendar-weekday"
          >
            Mon
          </div>
          <div
            className="uui-calendar-weekday"
          >
            Tue
          </div>
          <div
            className="uui-calendar-weekday"
          >
            Wed
          </div>
          <div
            className="uui-calendar-weekday"
          >
            Thu
          </div>
          <div
            className="uui-calendar-weekday"
          >
            Fri
          </div>
          <div
            className="uui-calendar-weekday"
          >
            Sat
          </div>
          <div
            className="uui-calendar-weekday"
          >
            Sun
          </div>
        </div>
        <div
          className="uui-calendar-days"
          role="grid"
          style={
            Object {
              "height": "180px",
            }
          }
        >
          <div
            role="row"
          >
            <div
              className="uui-calendar-day-cell"
              tabIndex={0}
            />
            <div
              className="uui-calendar-day-cell"
              tabIndex={0}
            />
            <div
              className="uui-calendar-day-cell"
              tabIndex={0}
            >
              <div
                className="uui-calendar-clickable-day -clickable uui-calendar-selected-day uui-calendar-day-wrapper"
                onClick={[Function]}
              >
                <div
                  aria-selected={true}
                  className="uui-calendar-day"
                  role="gridcell"
                >
                  1
                </div>
              </div>
            </div>
            <div
              className="uui-calendar-day-cell"
              tabIndex={0}
            >
              <div
                className="uui-calendar-clickable-day -clickable uui-calendar-day-wrapper"
                onClick={[Function]}
              >
                <div
                  aria-selected={false}
                  className="uui-calendar-day"
                  role="gridcell"
                >
                  2
                </div>
              </div>
            </div>
            <div
              className="uui-calendar-day-cell"
              tabIndex={0}
            >
              <div
                className="uui-calendar-clickable-day -clickable uui-calendar-day-wrapper"
                onClick={[Function]}
              >
                <div
                  aria-selected={false}
                  className="uui-calendar-day"
                  role="gridcell"
                >
                  3
                </div>
              </div>
            </div>
            <div
              className="uui-calendar-day-cell"
              tabIndex={0}
            >
              <div
                className="uui-calendar-clickable-day -clickable uui-calendar-day-wrapper uui-calendar-day-holiday"
                onClick={[Function]}
              >
                <div
                  aria-selected={false}
                  className="uui-calendar-day"
                  role="gridcell"
                >
                  4
                </div>
              </div>
            </div>
            <div
              className="uui-calendar-day-cell"
              tabIndex={0}
            >
              <div
                className="uui-calendar-clickable-day -clickable uui-calendar-day-wrapper uui-calendar-day-holiday"
                onClick={[Function]}
              >
                <div
                  aria-selected={false}
                  className="uui-calendar-day"
                  role="gridcell"
                >
                  5
                </div>
              </div>
            </div>
          </div>
          <div
            role="row"
          >
            <div
              className="uui-calendar-day-cell"
              tabIndex={0}
            >
              <div
                className="uui-calendar-clickable-day -clickable uui-calendar-day-wrapper"
                onClick={[Function]}
              >
                <div
                  aria-selected={false}
                  className="uui-calendar-day"
                  role="gridcell"
                >
                  6
                </div>
              </div>
            </div>
            <div
              className="uui-calendar-day-cell"
              tabIndex={0}
            >
              <div
                className="uui-calendar-clickable-day -clickable uui-calendar-day-wrapper"
                onClick={[Function]}
              >
                <div
                  aria-selected={false}
                  className="uui-calendar-day"
                  role="gridcell"
                >
                  7
                </div>
              </div>
            </div>
            <div
              className="uui-calendar-day-cell"
              tabIndex={0}
            >
              <div
                className="uui-calendar-clickable-day -clickable uui-calendar-day-wrapper"
                onClick={[Function]}
              >
                <div
                  aria-selected={false}
                  className="uui-calendar-day"
                  role="gridcell"
                >
                  8
                </div>
              </div>
            </div>
            <div
              className="uui-calendar-day-cell"
              tabIndex={0}
            >
              <div
                className="uui-calendar-clickable-day -clickable uui-calendar-day-wrapper"
                onClick={[Function]}
              >
                <div
                  aria-selected={false}
                  className="uui-calendar-day"
                  role="gridcell"
                >
                  9
                </div>
              </div>
            </div>
            <div
              className="uui-calendar-day-cell"
              tabIndex={0}
            >
              <div
                className="uui-calendar-clickable-day -clickable uui-calendar-day-wrapper"
                onClick={[Function]}
              >
                <div
                  aria-selected={false}
                  className="uui-calendar-day"
                  role="gridcell"
                >
                  10
                </div>
              </div>
            </div>
            <div
              className="uui-calendar-day-cell"
              tabIndex={0}
            >
              <div
                className="uui-calendar-clickable-day -clickable uui-calendar-day-wrapper uui-calendar-day-holiday"
                onClick={[Function]}
              >
                <div
                  aria-selected={false}
                  className="uui-calendar-day"
                  role="gridcell"
                >
                  11
                </div>
              </div>
            </div>
            <div
              className="uui-calendar-day-cell"
              tabIndex={0}
            >
              <div
                className="uui-calendar-clickable-day -clickable uui-calendar-day-wrapper uui-calendar-day-holiday"
                onClick={[Function]}
              >
                <div
                  aria-selected={false}
                  className="uui-calendar-day"
                  role="gridcell"
                >
                  12
                </div>
              </div>
            </div>
          </div>
          <div
            role="row"
          >
            <div
              className="uui-calendar-day-cell"
              tabIndex={0}
            >
              <div
                className="uui-calendar-clickable-day -clickable uui-calendar-day-wrapper"
                onClick={[Function]}
              >
                <div
                  aria-selected={false}
                  className="uui-calendar-day"
                  role="gridcell"
                >
                  13
                </div>
              </div>
            </div>
            <div
              className="uui-calendar-day-cell"
              tabIndex={0}
            >
              <div
                className="uui-calendar-clickable-day -clickable uui-calendar-day-wrapper"
                onClick={[Function]}
              >
                <div
                  aria-selected={false}
                  className="uui-calendar-day"
                  role="gridcell"
                >
                  14
                </div>
              </div>
            </div>
            <div
              className="uui-calendar-day-cell"
              tabIndex={0}
            >
              <div
                className="uui-calendar-clickable-day -clickable uui-calendar-day-wrapper"
                onClick={[Function]}
              >
                <div
                  aria-selected={false}
                  className="uui-calendar-day"
                  role="gridcell"
                >
                  15
                </div>
              </div>
            </div>
            <div
              className="uui-calendar-day-cell"
              tabIndex={0}
            >
              <div
                className="uui-calendar-clickable-day -clickable uui-calendar-day-wrapper"
                onClick={[Function]}
              >
                <div
                  aria-selected={false}
                  className="uui-calendar-day"
                  role="gridcell"
                >
                  16
                </div>
              </div>
            </div>
            <div
              className="uui-calendar-day-cell"
              tabIndex={0}
            >
              <div
                className="uui-calendar-clickable-day -clickable uui-calendar-day-wrapper"
                onClick={[Function]}
              >
                <div
                  aria-selected={false}
                  className="uui-calendar-day"
                  role="gridcell"
                >
                  17
                </div>
              </div>
            </div>
            <div
              className="uui-calendar-day-cell"
              tabIndex={0}
            >
              <div
                className="uui-calendar-clickable-day -clickable uui-calendar-day-wrapper uui-calendar-day-holiday"
                onClick={[Function]}
              >
                <div
                  aria-selected={false}
                  className="uui-calendar-day"
                  role="gridcell"
                >
                  18
                </div>
              </div>
            </div>
            <div
              className="uui-calendar-day-cell"
              tabIndex={0}
            >
              <div
                className="uui-calendar-clickable-day -clickable uui-calendar-day-wrapper uui-calendar-day-holiday"
                onClick={[Function]}
              >
                <div
                  aria-selected={false}
                  className="uui-calendar-day"
                  role="gridcell"
                >
                  19
                </div>
              </div>
            </div>
          </div>
          <div
            role="row"
          >
            <div
              className="uui-calendar-day-cell"
              tabIndex={0}
            >
              <div
                className="uui-calendar-clickable-day -clickable uui-calendar-day-wrapper"
                onClick={[Function]}
              >
                <div
                  aria-selected={false}
                  className="uui-calendar-day"
                  role="gridcell"
                >
                  20
                </div>
              </div>
            </div>
            <div
              className="uui-calendar-day-cell"
              tabIndex={0}
            >
              <div
                className="uui-calendar-clickable-day -clickable uui-calendar-day-wrapper"
                onClick={[Function]}
              >
                <div
                  aria-selected={false}
                  className="uui-calendar-day"
                  role="gridcell"
                >
                  21
                </div>
              </div>
            </div>
            <div
              className="uui-calendar-day-cell"
              tabIndex={0}
            >
              <div
                className="uui-calendar-clickable-day -clickable uui-calendar-day-wrapper"
                onClick={[Function]}
              >
                <div
                  aria-selected={false}
                  className="uui-calendar-day"
                  role="gridcell"
                >
                  22
                </div>
              </div>
            </div>
            <div
              className="uui-calendar-day-cell"
              tabIndex={0}
            >
              <div
                className="uui-calendar-clickable-day -clickable uui-calendar-day-wrapper"
                onClick={[Function]}
              >
                <div
                  aria-selected={false}
                  className="uui-calendar-day"
                  role="gridcell"
                >
                  23
                </div>
              </div>
            </div>
            <div
              className="uui-calendar-day-cell"
              tabIndex={0}
            >
              <div
                className="uui-calendar-clickable-day -clickable uui-calendar-day-wrapper"
                onClick={[Function]}
              >
                <div
                  aria-selected={false}
                  className="uui-calendar-day"
                  role="gridcell"
                >
                  24
                </div>
              </div>
            </div>
            <div
              className="uui-calendar-day-cell"
              tabIndex={0}
            >
              <div
                className="uui-calendar-clickable-day -clickable uui-calendar-day-wrapper uui-calendar-day-holiday"
                onClick={[Function]}
              >
                <div
                  aria-selected={false}
                  className="uui-calendar-day"
                  role="gridcell"
                >
                  25
                </div>
              </div>
            </div>
            <div
              className="uui-calendar-day-cell"
              tabIndex={0}
            >
              <div
                className="uui-calendar-clickable-day -clickable uui-calendar-day-wrapper uui-calendar-day-holiday"
                onClick={[Function]}
              >
                <div
                  aria-selected={false}
                  className="uui-calendar-day"
                  role="gridcell"
                >
                  26
                </div>
              </div>
            </div>
          </div>
          <div
            role="row"
          >
            <div
              className="uui-calendar-day-cell"
              tabIndex={0}
            >
              <div
                className="uui-calendar-clickable-day -clickable uui-calendar-day-wrapper"
                onClick={[Function]}
              >
                <div
                  aria-selected={false}
                  className="uui-calendar-day"
                  role="gridcell"
                >
                  27
                </div>
              </div>
            </div>
            <div
              className="uui-calendar-day-cell"
              tabIndex={0}
            >
              <div
                className="uui-calendar-clickable-day -clickable uui-calendar-day-wrapper"
                onClick={[Function]}
              >
                <div
                  aria-selected={false}
                  className="uui-calendar-day"
                  role="gridcell"
                >
                  28
                </div>
              </div>
            </div>
            <div
              className="uui-calendar-day-cell"
              tabIndex={0}
            >
              <div
                className="uui-calendar-clickable-day -clickable uui-calendar-day-wrapper"
                onClick={[Function]}
              >
                <div
                  aria-selected={false}
                  className="uui-calendar-day"
                  role="gridcell"
                >
                  29
                </div>
              </div>
            </div>
            <div
              className="uui-calendar-day-cell"
              tabIndex={0}
            >
              <div
                className="uui-calendar-clickable-day -clickable uui-calendar-day-wrapper"
                onClick={[Function]}
              >
                <div
                  aria-selected={false}
                  className="uui-calendar-day"
                  role="gridcell"
                >
                  30
                </div>
              </div>
            </div>
            <div
              className="uui-calendar-day-cell"
              tabIndex={0}
            >
              <div
                className="uui-calendar-clickable-day -clickable uui-calendar-day-wrapper"
                onClick={[Function]}
              >
                <div
                  aria-selected={false}
                  className="uui-calendar-day"
                  role="gridcell"
                >
                  31
                </div>
              </div>
            </div>
          </div>
        </div>
      </div>
    </div>
  </div>
</div>
`;
