// Jest Snapshot v1, https://goo.gl/fbAQLP

exports[`BurgerButton should be rendered correctly 1`] = `
<DocumentFragment>
  <a
    aria-expanded="false"
    aria-haspopup="true"
    class="uui-button-box uui-enabled -clickable uui-anchor container root uui-main_menu-burger-button button-secondary indent-0 uui-active dropdown hasIcon"
    href="#"
    rel="noopener noreferrer"
    role="menuitem"
    tabindex="0"
    target="_blank"
  >
    <div
      class="container uui-icon uui-enabled"
    >
      <svg
        class=""
      />
    </div>
    <div
      class="uui-caption"
    >
      Test button
    </div>
    <div
      class="container uui-icon uui-enabled"
    >
      <svg
        class=""
      />
    </div>
  </a>
</DocumentFragment>
`;

exports[`BurgerButton should be rendered correctly with minimum props 1`] = `
<DocumentFragment>
  <button
    class="uui-button-box uui-enabled container root uui-main_menu-burger-button button-primary indent-0"
    role="menuitem"
    tabindex="-1"
    type="button"
  />
</DocumentFragment>
`;
