// Jest Snapshot v1, https://goo.gl/fbAQLP

exports[`BurgerSearch should be rendered correctly 1`] = `
<DocumentFragment>
  <div
    class="container uui-input-box -clickable searchInput uui-main_menu-burger-search"
  >
    <div
      aria-label="Icon in input"
      class="container uui-icon uui-enabled controlIcon"
    >
      <svg
        class=""
      />
    </div>
    <input
      class="uui-input"
      tabindex="0"
      type="text"
      value=""
    />
  </div>
</DocumentFragment>
`;

exports[`BurgerSearch should be rendered correctly with extra props 1`] = `
<DocumentFragment>
  <div
    class="container uui-input-box -clickable searchInput uui-main_menu-burger-search"
  >
    <div
      aria-label="Icon in input"
      class="container uui-icon uui-enabled controlIcon"
    >
      <svg
        class=""
      />
    </div>
    <input
      class="uui-input"
      tabindex="0"
      type="text"
      value=""
    />
  </div>
</DocumentFragment>
`;
