// Jest Snapshot v1, https://goo.gl/fbAQLP

exports[`BurgerButton should be rendered correctly 1`] = `
<a
  aria-expanded={false}
  aria-haspopup={true}
  className="uui-button-box uui-enabled -clickable uui-anchor container root uui-main_menu-burger-button button-secondary indent-0 dropdown hasIcon"
  href="#"
  onClick={[Function]}
  rel="noopener noreferrer"
  role="link"
  tabIndex={0}
  target="_blank"
>
  <div
    className="container uui-icon uui-enabled"
    style={Object {}}
  >
    <svg
      className=""
    />
  </div>
  <div
    className="uui-caption"
  >
    Test button
  </div>
  <div
    className="container uui-icon uui-enabled"
    style={Object {}}
  >
    <svg
      className=""
    />
  </div>
</a>
`;

exports[`BurgerButton should be rendered correctly with minimum props 1`] = `
<span
  className="uui-button-box uui-enabled container root uui-main_menu-burger-button button-primary indent-0"
  tabIndex={-1}
/>
`;
