// Jest Snapshot v1, https://goo.gl/fbAQLP

exports[`Badge should be rendered correctly 1`] = `
<span
  className="uui-button-box uui-enabled uui-badge root uui-size-36 uui-fill-solid uui-color-info"
  tabIndex={-1}
/>
`;

exports[`Badge should be rendered correctly with props 1`] = `
<button
  aria-haspopup={true}
  className="uui-button-box uui-enabled -clickable uui-badge root uui-size-36 uui-fill-solid uui-color-success"
  onClick={[Function]}
  tabIndex={0}
  type="button"
>
  <div
    className="container uui-icon uui-enabled -clickable"
    onClick={[Function]}
    style={Object {}}
  >
    <svg
      className=""
    />
  </div>
  <div
    className="uui-caption"
  >
    Test badge
  </div>
  <div
    className="root uui-count_indicator uui-size-18"
  >
    12
  </div>
  <div
    className="container uui-icon uui-enabled"
    style={Object {}}
  >
    <svg
      className=""
    />
  </div>
</button>
`;
