// Jest Snapshot v1, https://goo.gl/fbAQLP

exports[`Badge should be rendered correctly 1`] = `
<button
  className="container uui-button-box uui-enabled uui-badge root size-36 fill-solid"
  onClick={[Function]}
  tabIndex={-1}
  type="button"
/>
`;

exports[`Badge should be rendered correctly with props 1`] = `
<button
  className="container uui-button-box uui-enabled -clickable uui-badge root size-36 fill-semitransparent uui-color-success"
  onClick={[Function]}
  tabIndex={0}
  type="button"
>
  <div
    className="container uui-icon uui-enabled -clickable"
    onClick={[Function]}
    style={Object {}}
  >
    <SvgrURL
      className=""
    />
  </div>
  <div
    className="uui-caption"
  >
    Test badge
  </div>
  <div
    className="root uui-count_indicator size-18 fill-semitransparent"
  >
    12
  </div>
  <div
    className="container uui-icon uui-enabled -clickable -clickable"
    onClick={[Function]}
    style={Object {}}
  >
    <svg
      className=""
    />
  </div>
</button>
`;
