// Jest Snapshot v1, https://goo.gl/fbAQLP

exports[`Tag should be rendered correctly 1`] = `
<span
  className="uui-button-box uui-enabled size-36 root uui-color-neutral uui-fill-solid uui-tag"
  tabIndex={-1}
/>
`;

exports[`Tag should be rendered correctly with props 1`] = `
<button
  className="uui-button-box uui-enabled -clickable size-36 root uui-color-neutral uui-fill-solid uui-tag"
  onClick={[Function]}
  tabIndex={0}
  type="button"
>
  <div
    className="container uui-icon uui-enabled -clickable"
    onClick={[Function]}
    style={{}}
  >
    <svg
      className=""
    />
  </div>
  <div
    className="uui-caption"
  >
    Test badge
  </div>
  <div
    className="root uui-count_indicator size-18 uui-color-white"
  >
    12
  </div>
  <div
    className="container uui-icon uui-enabled -clickable -clickable"
    onClick={[Function]}
    style={{}}
  >
    <svg
      className=""
    />
  </div>
</button>
`;
