// Jest Snapshot v1, https://goo.gl/fbAQLP

exports[`Dropdown should be rendered correctly 1`] = `
<button
  aria-expanded={false}
  aria-haspopup={true}
  className="uui-button-box uui-enabled -clickable container root uui-button uui-fill-solid uui-color-primary uui-size-36"
  onClick={[Function]}
  tabIndex={0}
  type="button"
>
  <div
    className="uui-caption"
  >
    Test
  </div>
  <div
    className="container uui-icon uui-enabled"
    style={{}}
  >
    <svg
      className=""
    />
  </div>
</button>
`;

exports[`Dropdown should be rendered correctly with more props 1`] = `
<button
  aria-expanded={false}
  aria-haspopup={true}
  className="uui-button-box uui-enabled -clickable container root uui-button uui-fill-solid uui-color-primary uui-size-36"
  onClick={[Function]}
  tabIndex={0}
  type="button"
>
  <div
    className="uui-caption"
  >
    Test
  </div>
  <div
    className="container uui-icon uui-enabled"
    style={{}}
  >
    <svg
      className=""
    />
  </div>
</button>
`;
