// Jest Snapshot v1, https://goo.gl/fbAQLP

exports[`Calendar should be rendered correctly 1`] = `
<div
  className="container uui-calendar-container root"
>
  <div
    className="uui-calendar-content"
  >
    <div
      className="uui-calendar-weekdays-container"
    >
      <div
        className="uui-calendar-weekday"
      >
        Mon
      </div>
      <div
        className="uui-calendar-weekday"
      >
        Tue
      </div>
      <div
        className="uui-calendar-weekday"
      >
        Wed
      </div>
      <div
        className="uui-calendar-weekday"
      >
        Thu
      </div>
      <div
        className="uui-calendar-weekday"
      >
        Fri
      </div>
      <div
        className="uui-calendar-weekday"
      >
        Sat
      </div>
      <div
        className="uui-calendar-weekday"
      >
        Sun
      </div>
    </div>
    <div
      className="uui-calendar-days"
      style={
        Object {
          "height": 180,
        }
      }
    >
      <div>
        <div
          className="uui-calendar-day-cell"
          tabIndex={0}
        />
        <div
          className="uui-calendar-day-cell"
          tabIndex={0}
        >
          <div
            className="uui-calendar-clickable-day -clickable uui-calendar-day-wrapper"
            onClick={[Function]}
          >
            <div
              className="uui-calendar-day"
            >
              1
            </div>
          </div>
        </div>
        <div
          className="uui-calendar-day-cell"
          tabIndex={0}
        >
          <div
            className="uui-calendar-clickable-day -clickable uui-calendar-day-wrapper"
            onClick={[Function]}
          >
            <div
              className="uui-calendar-day"
            >
              2
            </div>
          </div>
        </div>
        <div
          className="uui-calendar-day-cell"
          tabIndex={0}
        >
          <div
            className="uui-calendar-clickable-day -clickable uui-calendar-selected-day uui-calendar-day-wrapper"
            onClick={[Function]}
          >
            <div
              className="uui-calendar-day"
            >
              3
            </div>
          </div>
        </div>
        <div
          className="uui-calendar-day-cell"
          tabIndex={0}
        >
          <div
            className="uui-calendar-clickable-day -clickable uui-calendar-day-wrapper"
            onClick={[Function]}
          >
            <div
              className="uui-calendar-day"
            >
              4
            </div>
          </div>
        </div>
        <div
          className="uui-calendar-day-cell"
          tabIndex={0}
        >
          <div
            className="uui-calendar-clickable-day -clickable uui-calendar-day-wrapper uui-calendar-day-holiday"
            onClick={[Function]}
          >
            <div
              className="uui-calendar-day"
            >
              5
            </div>
          </div>
        </div>
        <div
          className="uui-calendar-day-cell"
          tabIndex={0}
        >
          <div
            className="uui-calendar-clickable-day -clickable uui-calendar-day-wrapper uui-calendar-day-holiday"
            onClick={[Function]}
          >
            <div
              className="uui-calendar-day"
            >
              6
            </div>
          </div>
        </div>
      </div>
      <div>
        <div
          className="uui-calendar-day-cell"
          tabIndex={0}
        >
          <div
            className="uui-calendar-clickable-day -clickable uui-calendar-day-wrapper"
            onClick={[Function]}
          >
            <div
              className="uui-calendar-day"
            >
              7
            </div>
          </div>
        </div>
        <div
          className="uui-calendar-day-cell"
          tabIndex={0}
        >
          <div
            className="uui-calendar-clickable-day -clickable uui-calendar-day-wrapper"
            onClick={[Function]}
          >
            <div
              className="uui-calendar-day"
            >
              8
            </div>
          </div>
        </div>
        <div
          className="uui-calendar-day-cell"
          tabIndex={0}
        >
          <div
            className="uui-calendar-clickable-day -clickable uui-calendar-day-wrapper"
            onClick={[Function]}
          >
            <div
              className="uui-calendar-day"
            >
              9
            </div>
          </div>
        </div>
        <div
          className="uui-calendar-day-cell"
          tabIndex={0}
        >
          <div
            className="uui-calendar-clickable-day -clickable uui-calendar-day-wrapper"
            onClick={[Function]}
          >
            <div
              className="uui-calendar-day"
            >
              10
            </div>
          </div>
        </div>
        <div
          className="uui-calendar-day-cell"
          tabIndex={0}
        >
          <div
            className="uui-calendar-clickable-day -clickable uui-calendar-day-wrapper"
            onClick={[Function]}
          >
            <div
              className="uui-calendar-day"
            >
              11
            </div>
          </div>
        </div>
        <div
          className="uui-calendar-day-cell"
          tabIndex={0}
        >
          <div
            className="uui-calendar-clickable-day -clickable uui-calendar-day-wrapper uui-calendar-day-holiday"
            onClick={[Function]}
          >
            <div
              className="uui-calendar-day"
            >
              12
            </div>
          </div>
        </div>
        <div
          className="uui-calendar-day-cell"
          tabIndex={0}
        >
          <div
            className="uui-calendar-clickable-day -clickable uui-calendar-day-wrapper uui-calendar-day-holiday"
            onClick={[Function]}
          >
            <div
              className="uui-calendar-day"
            >
              13
            </div>
          </div>
        </div>
      </div>
      <div>
        <div
          className="uui-calendar-day-cell"
          tabIndex={0}
        >
          <div
            className="uui-calendar-clickable-day -clickable uui-calendar-day-wrapper"
            onClick={[Function]}
          >
            <div
              className="uui-calendar-day"
            >
              14
            </div>
          </div>
        </div>
        <div
          className="uui-calendar-day-cell"
          tabIndex={0}
        >
          <div
            className="uui-calendar-clickable-day -clickable uui-calendar-day-wrapper"
            onClick={[Function]}
          >
            <div
              className="uui-calendar-day"
            >
              15
            </div>
          </div>
        </div>
        <div
          className="uui-calendar-day-cell"
          tabIndex={0}
        >
          <div
            className="uui-calendar-clickable-day -clickable uui-calendar-day-wrapper"
            onClick={[Function]}
          >
            <div
              className="uui-calendar-day"
            >
              16
            </div>
          </div>
        </div>
        <div
          className="uui-calendar-day-cell"
          tabIndex={0}
        >
          <div
            className="uui-calendar-clickable-day -clickable uui-calendar-day-wrapper"
            onClick={[Function]}
          >
            <div
              className="uui-calendar-day"
            >
              17
            </div>
          </div>
        </div>
        <div
          className="uui-calendar-day-cell"
          tabIndex={0}
        >
          <div
            className="uui-calendar-clickable-day -clickable uui-calendar-day-wrapper"
            onClick={[Function]}
          >
            <div
              className="uui-calendar-day"
            >
              18
            </div>
          </div>
        </div>
        <div
          className="uui-calendar-day-cell"
          tabIndex={0}
        >
          <div
            className="uui-calendar-clickable-day -clickable uui-calendar-day-wrapper uui-calendar-day-holiday"
            onClick={[Function]}
          >
            <div
              className="uui-calendar-day"
            >
              19
            </div>
          </div>
        </div>
        <div
          className="uui-calendar-day-cell"
          tabIndex={0}
        >
          <div
            className="uui-calendar-clickable-day -clickable uui-calendar-day-wrapper uui-calendar-day-holiday"
            onClick={[Function]}
          >
            <div
              className="uui-calendar-day"
            >
              20
            </div>
          </div>
        </div>
      </div>
      <div>
        <div
          className="uui-calendar-day-cell"
          tabIndex={0}
        >
          <div
            className="uui-calendar-clickable-day -clickable uui-calendar-day-wrapper"
            onClick={[Function]}
          >
            <div
              className="uui-calendar-day"
            >
              21
            </div>
          </div>
        </div>
        <div
          className="uui-calendar-day-cell"
          tabIndex={0}
        >
          <div
            className="uui-calendar-clickable-day -clickable uui-calendar-day-wrapper"
            onClick={[Function]}
          >
            <div
              className="uui-calendar-day"
            >
              22
            </div>
          </div>
        </div>
        <div
          className="uui-calendar-day-cell"
          tabIndex={0}
        >
          <div
            className="uui-calendar-clickable-day -clickable uui-calendar-day-wrapper"
            onClick={[Function]}
          >
            <div
              className="uui-calendar-day"
            >
              23
            </div>
          </div>
        </div>
        <div
          className="uui-calendar-day-cell"
          tabIndex={0}
        >
          <div
            className="uui-calendar-clickable-day -clickable uui-calendar-day-wrapper"
            onClick={[Function]}
          >
            <div
              className="uui-calendar-day"
            >
              24
            </div>
          </div>
        </div>
        <div
          className="uui-calendar-day-cell"
          tabIndex={0}
        >
          <div
            className="uui-calendar-clickable-day -clickable uui-calendar-day-wrapper"
            onClick={[Function]}
          >
            <div
              className="uui-calendar-day"
            >
              25
            </div>
          </div>
        </div>
        <div
          className="uui-calendar-day-cell"
          tabIndex={0}
        >
          <div
            className="uui-calendar-clickable-day -clickable uui-calendar-day-wrapper uui-calendar-day-holiday"
            onClick={[Function]}
          >
            <div
              className="uui-calendar-day"
            >
              26
            </div>
          </div>
        </div>
        <div
          className="uui-calendar-day-cell"
          tabIndex={0}
        >
          <div
            className="uui-calendar-clickable-day -clickable uui-calendar-day-wrapper uui-calendar-day-holiday"
            onClick={[Function]}
          >
            <div
              className="uui-calendar-day"
            >
              27
            </div>
          </div>
        </div>
      </div>
      <div>
        <div
          className="uui-calendar-day-cell"
          tabIndex={0}
        >
          <div
            className="uui-calendar-clickable-day -clickable uui-calendar-day-wrapper"
            onClick={[Function]}
          >
            <div
              className="uui-calendar-day"
            >
              28
            </div>
          </div>
        </div>
        <div
          className="uui-calendar-day-cell"
          tabIndex={0}
        >
          <div
            className="uui-calendar-clickable-day -clickable uui-calendar-day-wrapper"
            onClick={[Function]}
          >
            <div
              className="uui-calendar-day"
            >
              29
            </div>
          </div>
        </div>
        <div
          className="uui-calendar-day-cell"
          tabIndex={0}
        >
          <div
            className="uui-calendar-clickable-day -clickable uui-calendar-day-wrapper"
            onClick={[Function]}
          >
            <div
              className="uui-calendar-day"
            >
              30
            </div>
          </div>
        </div>
      </div>
    </div>
  </div>
</div>
`;
